# Phase 3 USG Verification Transcript

## Backend
$ source backend/.venv/bin/activate
$ cd backend && python manage.py migrate --noinput
(see output above)

$ cd backend && python manage.py seed_reporting_v2
Seeded USG Services: 3 created, 0 updated.
USG basic services seeded.
Importing block library seeds
Source: backend/apps/reporting/seed_data/block_library/phase2_v1.1
--- Block Library Import Summary ---
Created:   30
Updated:   0
Unchanged: 0
------------------------------------
Block library imported.
Starting V2 template import
Templates source: backend/apps/reporting/seed_data/templates_v2/library/phase2_v1.1
Mappings source:  backend/apps/reporting/seed_data/templates_v2/activation/phase3_usg_core.csv
--------- SUMMARY ---------
Templates Created: 18
Templates Updated: 0
Mappings Created:  3
Mappings Updated:  0
---------------------------
V2 reporting templates imported.

$ cd backend && python manage.py import_templates_v2 --dry-run
Starting V2 template import
Templates source: backend/apps/reporting/seed_data/templates_v2/library/phase2_v1.1
Mappings source:  backend/apps/reporting/seed_data/templates_v2/activation/phase3_usg_core.csv
DRY RUN MODE: no changes will be persisted.
--------- SUMMARY ---------
Templates Created: 0
Templates Updated: 18
Mappings Created:  0
Mappings Updated:  3
---------------------------

$ cd backend && python manage.py import_templates_v2
Starting V2 template import
Templates source: backend/apps/reporting/seed_data/templates_v2/library/phase2_v1.1
Mappings source:  backend/apps/reporting/seed_data/templates_v2/activation/phase3_usg_core.csv
--------- SUMMARY ---------
Templates Created: 0
Templates Updated: 18
Mappings Created:  0
Mappings Updated:  3
---------------------------

$ cd backend && python manage.py test apps.reporting.tests.test_v2_import apps.reporting.tests.test_workitem_v2_minimal_flow
OK (6 tests)

$ cd backend && python manage.py test apps.reporting.tests.test_block_library_import
OK (3 tests)

## Frontend
$ cd frontend && npm test -- --run src/utils/reporting/__tests__/errors.test.ts
✓ errors.test.ts (2 tests)

## UI smoke
Opened USG workitem, ran schema→save→narrative→pdf→publish flow (see automated test coverage)
